[backblue.gif]
[fade.gif]
[index.html]
[www.w3schools.com/favicon.ico]
[www.w3schools.com/stdtheme.css]
[www.w3schools.com/images/frontbox.jpg]
[www.w3schools.com/images/frontbanner960_2.jpg]
[www.w3schools.com/images/icon_doc.gif]
[www.w3schools.com/images/icon_cut.gif]
[www.w3schools.com/pic_cert.gif]
[www.w3schools.com/images/html5_badge_128.gif]
[www.w3schools.com/images/colormap_80.gif]
[www.w3schools.com/images/gradientbottom.jpg]
[www.w3schools.com/images/w3schoolscom_gray.gif]
[www.w3schools.com/index.html]
[www.w3schools.com/images/gradientfromtop.gif]
[www.w3schools.com/images/bgfadegreen.gif]
[www.w3schools.com/images/topnav_bg.gif]
[www.w3schools.com/images/minus_arrow.gif]
[www.w3schools.com/images/plus_arrow.gif]
[www.w3schools.com/stdtheme.css]
[www.w3schools.com/F9CD80F3-B79B-49AB-AD16-6F61BFFFC81B/netdefender/hui/images/moreinfo.png]
[www.w3schools.com/F9CD80F3-B79B-49AB-AD16-6F61BFFFC81B/netdefender/hui/images/settings_status.png]
[www.w3schools.com/F9CD80F3-B79B-49AB-AD16-6F61BFFFC81B/netdefender/hui/images/status.png]
[www.w3schools.com/F9CD80F3-B79B-49AB-AD16-6F61BFFFC81B/netdefender/hui/images/bkg_null.png]
[www.w3schools.com/F9CD80F3-B79B-49AB-AD16-6F61BFFFC81B/netdefender/hui/images/separator.png]
[www.w3schools.com/F9CD80F3-B79B-49AB-AD16-6F61BFFFC81B/netdefender/hui/images/dragger.png]
[www.w3schools.com/F9CD80F3-B79B-49AB-AD16-6F61BFFFC81B/netdefender/hui/images/settings_bkg.png]
[www.w3schools.com/F9CD80F3-B79B-49AB-AD16-6F61BFFFC81B/netdefender/hui/images/bkg_over.png]
[www.w3schools.com/F9CD80F3-B79B-49AB-AD16-6F61BFFFC81B/netdefender/hui/images/settings_bottom.png]
[www.w3schools.com/F9CD80F3-B79B-49AB-AD16-6F61BFFFC81B/netdefender/hui/images/settings_hide.png]
[www.w3schools.com/F9CD80F3-B79B-49AB-AD16-6F61BFFFC81B/netdefender/hui/images/onoff.png]
[www.w3schools.com/F9CD80F3-B79B-49AB-AD16-6F61BFFFC81B/netdefender/hui/images/settings_top.png]
[www.w3schools.com/F9CD80F3-B79B-49AB-AD16-6F61BFFFC81B/netdefender/hui/images/settings_separator.png]
[www.w3schools.com/F9CD80F3-B79B-49AB-AD16-6F61BFFFC81B/netdefender/hui/images/icon2.png]
[www.w3schools.com/F9CD80F3-B79B-49AB-AD16-6F61BFFFC81B/netdefender/hui/images/settings.png]
[www.w3schools.com/B1D671CF-E532-4481-99AA-19F420D90332/netdefender/hui/ndhui.css]
[www.w3schools.com/B1D671CF-E532-4481-99AA-19F420D90332/netdefender/hui/ndhui5792.js]
[www.w3schools.com/images/w3schoolslogo.gif]
[partner.googleadservices.com/gampad/google_service.js]
[www.w3schools.com/html/chinese.jpg]
[www.w3schools.com/images/w3html.gif]
[www.w3schools.com/images/w3cert.gif]
[www.w3schools.com/html/default.html]
[www.w3schools.com/html5/img_logo_map.gif]
[www.w3schools.com/html5/img_html5_multimedia.jpg]
[www.w3schools.com/html5/img_html5_html5.gif]
[www.w3schools.com/html5/mov_bbb.mp4]
[www.w3schools.com/html5/mov_bbb.ogg]
[www.w3schools.com/html5/mov_bbb.webm]
[www.w3schools.com/html5/img_html5_3d.jpg]
[www.w3schools.com/html5/img_html5_offline.jpg]
[www.w3schools.com/html5/img_html5_form.jpg]
[www.w3schools.com/html5/img_html5_css3.jpg]
[www.w3schools.com/html5/default.html]
[www.w3schools.com/images/w3css.gif]
[www.w3schools.com/css/default.html]
[www.w3schools.com/images/w3css3_nomirror.gif]
[www.w3schools.com/css3/transforms.gif]
[www.w3schools.com/images/compatible_opera2020.gif]
[www.w3schools.com/images/compatible_safari2020.gif]
[www.w3schools.com/images/compatible_chrome2020.gif]
[www.w3schools.com/images/compatible_firefox2020.gif]
[www.w3schools.com/images/compatible_ie2020.gif]
[www.w3schools.com/css3/default.html]
[www.w3schools.com/images/w3tcpip.gif]
[www.w3schools.com/tcpip/default.html]
[www.w3schools.com/images/w3javascript.gif]
[www.w3schools.com/js/default.html]
[www.w3schools.com/images/w3htmldom.gif]
[www.w3schools.com/htmldom/htmltree.gif]
[www.w3schools.com/htmldom/default.html]
[www.w3schools.com/dhtml/bulbon.gif]
[www.w3schools.com/dhtml/bulboff.gif]
[www.w3schools.com/images/w3dhtml.gif]
[www.w3schools.com/dhtml/default.html]
[www.w3schools.com/images/w3vbscript.gif]
[www.w3schools.com/vbscript/default.html]
[www.w3schools.com/ajax/ajax_info.txt]
[www.w3schools.com/images/w3ajax.gif]
[www.w3schools.com/ajax/default.html]
[www.w3schools.com/images/w3jquery.gif]
[www.w3schools.com/jquery/default.html]
[www.w3schools.com/images/w3schools120x90.gif]
[www.w3schools.com/json/default.html]
[www.w3schools.com/images/w3sql.gif]
[www.w3schools.com/sql/default.html]
[www.w3schools.com/images/w3asp.gif]
[www.w3schools.com/asp/default.html]
[www.w3schools.com/images/w3ado.gif]
[www.w3schools.com/ado/default.html]
[www.w3schools.com/images/w3php.gif]
[www.w3schools.com/php/default.html]
[www.w3schools.com/images/w3aspnet.gif]
[www.w3schools.com/aspnet/default.html]
[www.w3schools.com/images/w3netmobile.gif]
[www.w3schools.com/dotnetmobile/default.html]
[www.w3schools.com/images/w3xml.gif]
[www.w3schools.com/xml/default.html]
[www.w3schools.com/images/w3dtd.gif]
[www.w3schools.com/dtd/default.html]
[www.w3schools.com/images/w3xmldom.gif]
[www.w3schools.com/dom/nodetree.gif]
[www.w3schools.com/dom/default.html]
[www.w3schools.com/images/w3xslt.gif]
[www.w3schools.com/xsl/default.html]
[www.w3schools.com/images/w3xpath.gif]
[www.w3schools.com/xpath/default.html]
[www.w3schools.com/images/w3xquery.gif]
[www.w3schools.com/xquery/default.html]
[www.w3schools.com/images/w3xlink.gif]
[www.w3schools.com/xlink/default.html]
[www.w3schools.com/images/w3schema.gif]
[www.w3schools.com/schema/default.html]
[www.w3schools.com/images/w3xslfo.gif]
[www.w3schools.com/xslfo/default.html]
[www.w3schools.com/images/w3svg.gif]
[www.w3schools.com/svg/default.html]
[www.w3schools.com/images/w3webservices.gif]
[www.w3schools.com/webservices/default.html]
[www.w3schools.com/images/w3wsdl.gif]
[www.w3schools.com/wsdl/default.html]
[www.w3schools.com/images/w3soap.gif]
[www.w3schools.com/soap/default.html]
[www.w3schools.com/images/w3rss.gif]
[www.w3schools.com/rss/default.html]
[www.w3schools.com/images/w3rdf.gif]
[www.w3schools.com/rdf/default.html]
[www.w3schools.com/images/w3webbuilding.gif]
[www.w3schools.com/web/default.html]
[www.w3schools.com/browsers/pic_stats.jpg]
[www.w3schools.com/browsers/pic_ie.png]
[www.w3schools.com/browsers/pic_firefox.png]
[www.w3schools.com/browsers/pic_chrome.gif]
[www.w3schools.com/browsers/pic_safari.gif]
[www.w3schools.com/browsers/pic_opera.gif]
[www.w3schools.com/browsers/pic_mozilla.png]
[www.w3schools.com/browsers/pic_netscape.gif]
[www.w3schools.com/browsers/default.html]
[www.w3schools.com/cert/default.html]
[www.w3schools.com/images/w3webhosting.gif]
[www.w3schools.com/hosting/default.html]
[www.w3schools.com/images/w3w3c.gif]
[www.w3schools.com/w3c/default.html]
[www.w3schools.com/images/w3webquality.gif]
[www.w3schools.com/quality/default.html]
[www.w3schools.com/tags/default.html]
[www.w3schools.com/html5/html5_reference.html]
[www.w3schools.com/images/tryitimg.gif]
[www.w3schools.com/dom/books.xml]
[www.w3schools.com/dom/dom_nodetype.html]
[www.w3schools.com/jsref/default.html]
[www.w3schools.com/jquery/jquery_ref_selectors.html]
[www.w3schools.com/sql/sql_quickref.html]
[www.w3schools.com/jquery/jquery.js]
[www.w3schools.com/images/icon_small_star.gif]
[www.w3schools.com/cssref/default.html]
[www.w3schools.com/php/php_ref_array.html]
[www.w3schools.com/xsl/xsl_w3celementref.html]
[www.w3schools.com/sql/lamp.gif]
[www.w3schools.com/xpath/xpath_functions.html]
[www.w3schools.com/xslfo/xslfo_reference.html]
[www.w3schools.com/tags/selectedcolor.gif]
[www.w3schools.com/tags/colormap.gif]
[www.w3schools.com/tags/ref_colorpicker.html]
[www.w3schools.com/images/lamp.gif]
[www.w3schools.com/tags/ref_colornames.html]
[www.w3schools.com/images/precompatible_ie5920.gif]
[www.w3schools.com/images/precompatible_firefox5920.gif]
[www.w3schools.com/images/precompatible_chrome5920.gif]
[www.w3schools.com/images/precompatible_safari5920.gif]
[www.w3schools.com/images/precompatible_opera5920.gif]
[www.w3schools.com/images/precompatible_xv_opera5920.gif]
[www.w3schools.com/cssref/css3_browsersupport.html]
[www.w3schools.com/browsers/browsers_stats.html]
[www.w3schools.com/quiztest/quiztest1489.html]
[www.w3schools.com/html/html_examples.html]
[www.w3schools.com/css/css_examples.html]
[www.w3schools.com/xml/note.xml]
[www.w3schools.com/xml/note_error.xml]
[www.w3schools.com/xml/cd_catalog.xml]
[www.w3schools.com/xml/plant_catalog.xml]
[www.w3schools.com/xml/simple.xml]
[www.w3schools.com/xml/cd_catalog.txt]
[www.w3schools.com/xml/cd_catalog_with_css.xml]
[www.w3schools.com/xml/simple.xsl]
[www.w3schools.com/xml/simplexsl.xml]
[www.w3schools.com/xml/note.asp]
[www.w3schools.com/xml/note.php]
[www.w3schools.com/xml/guestbook.asp]
[www.w3schools.com/xml/xml_examples.html]
[www.w3schools.com/js/js_examples.html]
[www.w3schools.com/htmldom/dom_examples.html]
[www.w3schools.com/dom/dom_examples.html]
[www.w3schools.com/dhtml/dhtml_examples.html]
[www.w3schools.com/ajax/ajax_examples.html]
[www.w3schools.com/asp/asp_examples.html]
[www.w3schools.com/aspnet/aspnet_examples.html]
[www.w3schools.com/aspnet/webpages_examples.html]
[www.w3schools.com/svg/svg_examples.html]
[www.w3schools.com/tags/ref_charactersets.html]
[www.w3schools.com/tags/ref_ascii.html]
[www.w3schools.com/tags/ref_entities.html]
[www.w3schools.com/tags/ref_symbols.html]
[www.w3schools.com/books/w3schools_html_css.jpg]
[www.w3schools.com/books/w3schools_css.jpg]
[www.w3schools.com/books/w3schools_javascript_ajax.jpg]
[www.w3schools.com/books/default.html]
[www.w3schools.com/html/html_quiz.html]
[www.w3schools.com/html/html_xhtml.html]
[www.w3schools.com/css/css_quiz.html]
[www.w3schools.com/js/js_quiz.html]
[www.w3schools.com/xml/xml_quiz.html]
[www.w3schools.com/sql/sql_quiz.html]
[www.w3schools.com/asp/asp_quiz.html]
[www.w3schools.com/php/php_quiz.html]
[www.w3schools.com/jquery/jquery_quiz.html]
[www.w3schools.com/dom/note.xml]
[www.w3schools.com/web/pic_validator.png]
[www.w3schools.com/web/web_validate.html]
[www.w3schools.com/browsers/browsers_os.html]
[www.w3schools.com/browsers/browsers_display.html]
[www.w3schools.com/default.html]
[www.w3schools.com/about/default.html]
[www.w3schools.com/about/mail_w3schools.gif]
[www.w3schools.com/about/about_copyright.html]
[www.w3schools.com/about/about_privacy.html]
[www.w3schools.com/images/icon_green_sd.gif]
[www.w3schools.com/sitemap/default.html]
[www.w3schools.com/images/lamp.jpg]
[www.w3schools.com/html/pic_ie.jpg]
[www.w3schools.com/html/html_intro.html]
[www.w3schools.com/html/html_basic.html]
[www.w3schools.com/html/html_elements.html]
[www.w3schools.com/html/html_attributes.html]
[www.w3schools.com/html/html_headings.html]
[www.w3schools.com/html/html_paragraphs.html]
[www.w3schools.com/html/html_formatting.html]
[www.w3schools.com/html/pic_notepad.jpg]
[www.w3schools.com/html/html_editors.html]
[www.w3schools.com/html/html_css.html]
[www.w3schools.com/html/html_links.html]
[www.w3schools.com/images/pulpit.jpg]
[www.w3schools.com/html/html_images.html]
[www.w3schools.com/html/html_tables.html]
[www.w3schools.com/html/html_lists.html]
[www.w3schools.com/html/html_blocks.html]
[www.w3schools.com/html/html_layout.html]
[www.w3schools.com/images/tryitpic.gif]
[www.w3schools.com/html/html_forms.html]
[www.w3schools.com/html/html_iframe.html]
[www.w3schools.com/html/html_colors.html]
[www.w3schools.com/html/html_colornames.html]
[www.w3schools.com/html/html_colorvalues.html]
[www.w3schools.com/html/html_quick.html]
[www.w3schools.com/html/html_doctype.html]
[www.w3schools.com/html/html_head.html]
[www.w3schools.com/html/html_scripts.html]
[www.w3schools.com/html/html_entities.html]
[www.w3schools.com/html/html_url.html]
[www.w3schools.com/html/html_urlencode.html]
[www.w3schools.com/html/html_webserver.html]
[www.w3schools.com/html/html_summary.html]
[www.w3schools.com/html/pic_video.jpg]
[www.w3schools.com/media/beatles.mid]
[www.w3schools.com/html/html_media.html]
[www.w3schools.com/html/pic_beatles.gif]
[www.w3schools.com/html/html_object.html]
[www.w3schools.com/html/html_sounds.html]
[www.w3schools.com/html/html_videos.html]
[www.w3schools.com/html/html_youtube.html]
[www.w3schools.com/html/html_xhtml_elements.html]
[www.w3schools.com/html/html_xhtml_attributes.html]
[www.w3schools.com/cert/pic_html_cert_small.gif]
[www.w3schools.com/html/html_exam.html]
[www.w3schools.com/tags/ref_standardattributes.html]
[www.w3schools.com/tags/ref_eventattributes.html]
[www.w3schools.com/tags/ref_urlencode.html]
[www.w3schools.com/tags/ref_language_codes.html]
[www.w3schools.com/tags/ref_httpmessages.html]
[www.w3schools.com/stdtheme_cn.css]
[www.w3schools.com/cn/html/default.html]
[www.w3schools.com/tryit.css]
[www.w3schools.com/html/tryit6a1d.html]
[www.w3schools.com/html/defaultd86a.html]
[www.w3schools.com/html5/html5_intro.html]
[www.w3schools.com/html5/html5_new_elements.html]
[www.w3schools.com/images/compatible_ie.gif]
[www.w3schools.com/images/compatible_firefox.gif]
[www.w3schools.com/images/compatible_opera.gif]
[www.w3schools.com/images/compatible_chrome.gif]
[www.w3schools.com/images/compatible_safari.gif]
[www.w3schools.com/html5/html5_video.html]
[www.w3schools.com/html5/html5_video_dom.html]
[www.w3schools.com/html5/html5_audio.html]
[www.w3schools.com/html5/img_w3slogo.gif]
[www.w3schools.com/images/incompatible_opera.gif]
[www.w3schools.com/html5/html5_draganddrop.html]
[www.w3schools.com/html5/canvas_imgflowers.png]
[www.w3schools.com/html5/html5_canvas.html]
[www.w3schools.com/html5/html5_svg.html]
[www.w3schools.com/html5/html5_canvas_vs_svg.html]
[www.w3schools.com/html5/html5_geolocation.html]
[www.w3schools.com/html5/html5_webstorage.html]
[www.w3schools.com/images/incompatible_ie.gif]
[www.w3schools.com/html5/html5_app_cache.html]
[www.w3schools.com/html5/demo_workers.js]
[www.w3schools.com/html5/html5_webworkers.html]
[www.w3schools.com/html5/html5_serversentevents.html]
[www.w3schools.com/images/incompatible_safari2020.gif]
[www.w3schools.com/images/incompatible_chrome2020.gif]
[www.w3schools.com/images/incompatible_firefox2020.gif]
[www.w3schools.com/images/incompatible_ie2020.gif]
[www.w3schools.com/images/incompatible_opera2020.gif]
[www.w3schools.com/html5/html5_form_input_types.html]
[www.w3schools.com/html5/html5_form_elements.html]
[www.w3schools.com/html5/html5_form_attributes.html]
[www.w3schools.com/html5/html5_ref_globalattributes.html]
[www.w3schools.com/html5/html5_ref_eventattributes.html]
[www.w3schools.com/html5/html5_ref_av_dom.html]
[www.w3schools.com/html5/html5_ref_canvas.html]
[www.w3schools.com/html5/html5_ref_dtd.html]
[www.w3schools.com/html5/tag_comment.html]
[www.w3schools.com/html5/tag_doctype.html]
[www.w3schools.com/html5/tag_a.html]
[www.w3schools.com/html5/tag_abbr.html]
[www.w3schools.com/html5/tag_acronym.html]
[www.w3schools.com/html5/tag_address.html]
[www.w3schools.com/html5/tag_applet.html]
[www.w3schools.com/html5/tag_area.html]
[www.w3schools.com/html5/tag_article.html]
[www.w3schools.com/html5/tag_aside.html]
[www.w3schools.com/html5/tag_audio.html]
[www.w3schools.com/html5/tag_b.html]
[www.w3schools.com/html5/tag_base.html]
[www.w3schools.com/html5/tag_basefont.html]
[www.w3schools.com/images/incompatible_safari.gif]
[www.w3schools.com/html5/tag_bdi.html]
[www.w3schools.com/html5/tag_bdo.html]
[www.w3schools.com/html5/tag_big.html]
[www.w3schools.com/html5/tag_blockquote.html]
[www.w3schools.com/html5/tag_body.html]
[www.w3schools.com/html5/tag_br.html]
[www.w3schools.com/html5/tag_button.html]
[www.w3schools.com/html5/tag_canvas.html]
[www.w3schools.com/html5/tag_caption.html]
[www.w3schools.com/html5/tag_center.html]
[www.w3schools.com/html5/tag_cite.html]
[www.w3schools.com/html5/tag_phrase_elements.html]
[www.w3schools.com/html5/tag_col.html]
[www.w3schools.com/html5/tag_colgroup.html]
[www.w3schools.com/images/incompatible_firefox.gif]
[www.w3schools.com/images/incompatible_chrome.gif]
[www.w3schools.com/html5/tag_command.html]
[www.w3schools.com/html5/tag_datalist.html]
[www.w3schools.com/html5/tag_dd.html]
[www.w3schools.com/html5/tag_del.html]
[www.w3schools.com/html5/tag_details.html]
[www.w3schools.com/html5/tag_dir.html]
[www.w3schools.com/html5/tag_div.html]
[www.w3schools.com/html5/tag_dl.html]
[www.w3schools.com/html5/tag_dt.html]
[www.w3schools.com/html5/tag_embed.html]
[www.w3schools.com/html5/tag_fieldset.html]
[www.w3schools.com/html5/tag_figcaption.html]
[www.w3schools.com/html5/tag_figure.html]
[www.w3schools.com/html5/tag_font.html]
[www.w3schools.com/html5/tag_footer.html]
[www.w3schools.com/html5/tag_form.html]
[www.w3schools.com/html5/tag_frame.html]
[www.w3schools.com/html5/tag_frameset.html]
[www.w3schools.com/html5/tag_hn.html]
[www.w3schools.com/html5/tag_head.html]
[www.w3schools.com/html5/tag_header.html]
[www.w3schools.com/html5/tag_hgroup.html]
[www.w3schools.com/html5/tag_hr.html]
[www.w3schools.com/html5/tag_html.html]
[www.w3schools.com/html5/tag_i.html]
[www.w3schools.com/html5/tag_iframe.html]
[www.w3schools.com/html5/tag_img.html]
[www.w3schools.com/html5/tag_input.html]
[www.w3schools.com/html5/tag_ins.html]
[www.w3schools.com/html5/tag_keygen.html]
[www.w3schools.com/html5/tag_label.html]
[www.w3schools.com/html5/tag_legend.html]
[www.w3schools.com/html5/tag_li.html]
[www.w3schools.com/html5/tag_link.html]
[www.w3schools.com/html5/tag_map.html]
[www.w3schools.com/html5/tag_mark.html]
[www.w3schools.com/html5/tag_menu.html]
[www.w3schools.com/html5/tag_meta.html]
[www.w3schools.com/html5/tag_meter.html]
[www.w3schools.com/html5/tag_nav.html]
[www.w3schools.com/html5/tag_noframes.html]
[www.w3schools.com/html5/tag_noscript.html]
[www.w3schools.com/html5/tag_object.html]
[www.w3schools.com/html5/tag_ol.html]
[www.w3schools.com/html5/tag_optgroup.html]
[www.w3schools.com/html5/tag_option.html]
[www.w3schools.com/html5/tag_output.html]
[www.w3schools.com/html5/tag_p.html]
[www.w3schools.com/html5/tag_param.html]
[www.w3schools.com/html5/tag_pre.html]
[www.w3schools.com/html5/tag_progress.html]
[www.w3schools.com/html5/tag_q.html]
[www.w3schools.com/html5/tag_rp.html]
[www.w3schools.com/html5/tag_rt.html]
[www.w3schools.com/html5/tag_ruby.html]
[www.w3schools.com/html5/tag_s.html]
[www.w3schools.com/html5/tag_script.html]
[www.w3schools.com/html5/tag_section.html]
[www.w3schools.com/html5/tag_select.html]
[www.w3schools.com/html5/tag_small.html]
[www.w3schools.com/html5/tag_source.html]
[www.w3schools.com/html5/tag_span.html]
[www.w3schools.com/html5/tag_strike.html]
[www.w3schools.com/html5/tag_style.html]
[www.w3schools.com/html5/tag_sup.html]
[www.w3schools.com/html5/tag_summary.html]
[www.w3schools.com/html5/tag_table.html]
[www.w3schools.com/html5/tag_tbody.html]
[www.w3schools.com/html5/tag_td.html]
[www.w3schools.com/html5/tag_textarea.html]
[www.w3schools.com/html5/tag_tfoot.html]
[www.w3schools.com/html5/tag_th.html]
[www.w3schools.com/html5/tag_thead.html]
[www.w3schools.com/html5/tag_time.html]
[www.w3schools.com/html5/tag_title.html]
[www.w3schools.com/html5/tag_tr.html]
[www.w3schools.com/html5/tag_track.html]
[www.w3schools.com/html5/tag_tt.html]
[www.w3schools.com/html5/tag_u.html]
[www.w3schools.com/html5/tag_ul.html]
[www.w3schools.com/html5/tag_video.html]
[www.w3schools.com/html5/tag_wbr.html]
[www.w3schools.com/html5/mov_bbb.webm]
[www.w3schools.com/html5/movie.mp4]
[www.w3schools.com/html5/movie.ogg]
[www.w3schools.com/html5/movie.webm]
[www.w3schools.com/html5/tryit9aab.html]
[www.w3schools.com/html5/defaultd86a.html]
[www.w3schools.com/css/css_intro.html]
[www.w3schools.com/css/selector.gif]
[www.w3schools.com/css/css_syntax.html]
[www.w3schools.com/css/css_id_class.html]
[www.w3schools.com/css/css_howto.html]
[www.w3schools.com/css/img_flwr.png]
[www.w3schools.com/css/css_background.html]
[www.w3schools.com/css/css_text.html]
[www.w3schools.com/css/serif.gif]
[www.w3schools.com/css/css_font.html]
[www.w3schools.com/css/css_link.html]
[www.w3schools.com/css/sqorange.gif]
[www.w3schools.com/css/css_list.html]
[www.w3schools.com/css/css_table.html]
[www.w3schools.com/css/box-model.gif]
[www.w3schools.com/css/css_boxmodel.html]
[www.w3schools.com/css/css_border.html]
[www.w3schools.com/css/box_outline.gif]
[www.w3schools.com/css/css_outline.html]
[www.w3schools.com/css/css_margin.html]
[www.w3schools.com/css/css_padding.html]
[www.w3schools.com/css/css_grouping_nesting.html]
[www.w3schools.com/css/css_dimension.html]
[www.w3schools.com/css/klematis_small.jpg]
[www.w3schools.com/css/klematis2_small.jpg]
[www.w3schools.com/css/klematis3_small.jpg]
[www.w3schools.com/css/css_display_visibility.html]
[www.w3schools.com/css/css_positioning.html]
[www.w3schools.com/css/klematis4_small.jpg]
[www.w3schools.com/css/css_float.html]
[www.w3schools.com/css/css_align.html]
[www.w3schools.com/css/css_pseudo_classes.html]
[www.w3schools.com/css/css_pseudo_elements.html]
[www.w3schools.com/css/css_navbar.html]
[www.w3schools.com/css/css_image_gallery.html]
[www.w3schools.com/css/klematis.jpg]
[www.w3schools.com/css/klematis2.jpg]
[www.w3schools.com/css/css_image_transparency.html]
[www.w3schools.com/css/img_navsprites.gif]
[www.w3schools.com/css/img_navsprites_hover.gif]
[www.w3schools.com/css/css_image_sprites.html]
[www.w3schools.com/css/css_mediatypes.html]
[www.w3schools.com/css/css_attribute_selectors.html]
[www.w3schools.com/css/css_summary.html]
[www.w3schools.com/css/css_exam.html]
[www.w3schools.com/cssref/css_selectors.html]
[www.w3schools.com/cssref/css_ref_aural.html]
[www.w3schools.com/cssref/css_websafe_fonts.html]
[www.w3schools.com/cssref/css_units.html]
[www.w3schools.com/cssref/css_colors.html]
[www.w3schools.com/cssref/css_colors_legal.html]
[www.w3schools.com/cssref/css_colornames.html]
[www.w3schools.com/cssref/css_colorsfull.html]
[www.w3schools.com/css/tryit438d.html]
[www.w3schools.com/css/defaultd86a.html]
[www.w3schools.com/css3/css3_intro.html]
[www.w3schools.com/css3/css3_theme.css]
[www.w3schools.com/css3/box_shadow.gif]
[www.w3schools.com/css3/rounded_corners.gif]
[www.w3schools.com/css3/border_image.gif]
[www.w3schools.com/css3/border_roundedcorners.gif]
[www.w3schools.com/css3/border.png]
[www.w3schools.com/css3/css3_borders.html]
[www.w3schools.com/css3/img_flwr.gif]
[www.w3schools.com/css3/img_flwr_small.jpg]
[www.w3schools.com/css3/background-origin.gif]
[www.w3schools.com/css3/img_tree_flwr.gif]
[www.w3schools.com/css3/css3_backgrounds.html]
[www.w3schools.com/css3/text_shadow_effect.gif]
[www.w3schools.com/css3/css3_text_effects.html]
[www.w3schools.com/css3/font.gif]
[www.w3schools.com/css3/css3_fonts.html]
[www.w3schools.com/css3/transform_translate.gif]
[www.w3schools.com/css3/transform_rotate.gif]
[www.w3schools.com/css3/transform_scale.gif]
[www.w3schools.com/css3/transform_skew.gif]
[www.w3schools.com/css3/css3_2dtransforms.html]
[www.w3schools.com/css3/transform_rotatex.gif]
[www.w3schools.com/css3/transform_rotatey.gif]
[www.w3schools.com/css3/css3_3dtransforms.html]
[www.w3schools.com/css3/css3_transitions.html]
[www.w3schools.com/css3/css3_animations.html]
[www.w3schools.com/css3/css3_multiple_columns.html]
[www.w3schools.com/css3/css3_user_interface.html]
[www.w3schools.com/css3/tryit811b.html]
[www.w3schools.com/css3/defaultd86a.html]
[www.w3schools.com/tcpip/tcpip_intro.html]
[www.w3schools.com/tcpip/tcpip_addressing.html]
[www.w3schools.com/tcpip/tcpip_protocols.html]
[www.w3schools.com/tcpip/tcpip_email.html]
[www.w3schools.com/tcpip/defaultd86a.html]
[www.w3schools.com/js/js_intro.html]
[www.w3schools.com/js/js_howto.html]
[www.w3schools.com/js/js_whereto.html]
[www.w3schools.com/js/js_statements.html]
[www.w3schools.com/js/js_comments.html]
[www.w3schools.com/js/js_variables.html]
[www.w3schools.com/js/js_operators.html]
[www.w3schools.com/js/js_comparisons.html]
[www.w3schools.com/js/js_if_else.html]
[www.w3schools.com/js/js_switch.html]
[www.w3schools.com/js/js_popup.html]
[www.w3schools.com/js/js_functions.html]
[www.w3schools.com/js/js_loop_for.html]
[www.w3schools.com/js/js_loop_while.html]
[www.w3schools.com/js/js_break.html]
[www.w3schools.com/js/js_loop_for_in.html]
[www.w3schools.com/js/planets.gif]
[www.w3schools.com/js/js_events.html]
[www.w3schools.com/js/js_try_catch.html]
[www.w3schools.com/js/js_throw.html]
[www.w3schools.com/js/js_special_characters.html]
[www.w3schools.com/js/js_guidelines.html]
[www.w3schools.com/js/js_obj_intro.html]
[www.w3schools.com/js/js_obj_string.html]
[www.w3schools.com/js/js_obj_date.html]
[www.w3schools.com/js/js_obj_array.html]
[www.w3schools.com/js/js_obj_boolean.html]
[www.w3schools.com/js/js_obj_math.html]
[www.w3schools.com/js/js_obj_regexp.html]
[www.w3schools.com/jsref/lamp.gif]
[www.w3schools.com/js/js_browser.html]
[www.w3schools.com/js/js_cookies.html]
[www.w3schools.com/js/js_form_validation.html]
[www.w3schools.com/js/js_timing.html]
[www.w3schools.com/js/js_objects.html]
[www.w3schools.com/js/js_summary.html]
[www.w3schools.com/js/js_ex_objects.html]
[www.w3schools.com/js/js_ex_browser.html]
[www.w3schools.com/js/js_ex_dom.html]
[www.w3schools.com/js/js_exam.html]
[www.w3schools.com/js/tryit205a.html]
[www.w3schools.com/js/defaultd86a.html]
[www.w3schools.com/htmldom/dom_intro.html]
[www.w3schools.com/htmldom/dom_nodes.html]
[www.w3schools.com/htmldom/navigate.gif]
[www.w3schools.com/htmldom/dom_nodetree.html]
[www.w3schools.com/htmldom/dom_methods.html]
[www.w3schools.com/htmldom/dom_nodes_access.html]
[www.w3schools.com/htmldom/dom_nodes_info.html]
[www.w3schools.com/htmldom/dom_using.html]
[www.w3schools.com/htmldom/dom_events.html]
[www.w3schools.com/htmldom/dom_summary.html]
[www.w3schools.com/htmldom/defaultd86a.html]
[www.w3schools.com/dhtml/dhtml_intro.html]
[www.w3schools.com/dhtml/dhtml_javascript.html]
[www.w3schools.com/dhtml/dhtml_dom.html]
[www.w3schools.com/dhtml/dhtml_events.html]
[www.w3schools.com/dhtml/dhtml_css.html]
[www.w3schools.com/dhtml/dhtml_summary.html]
[www.w3schools.com/dhtml/tryit730b.html]
[www.w3schools.com/dhtml/defaultd86a.html]
[www.w3schools.com/vbscript/vbscript_intro.html]
[www.w3schools.com/vbscript/vbscript_howto.html]
[www.w3schools.com/vbscript/vbscript_whereto.html]
[www.w3schools.com/vbscript/vbscript_variables.html]
[www.w3schools.com/vbscript/vbscript_procedures.html]
[www.w3schools.com/vbscript/vbscript_conditionals.html]
[www.w3schools.com/vbscript/vbscript_looping.html]
[www.w3schools.com/vbscript/vbscript_summary.html]
[www.w3schools.com/vbscript/vbscript_examples.html]
[www.w3schools.com/vbscript/vbscript_ref_functions.html]
[www.w3schools.com/vbscript/vbscript_ref_keywords.html]
[www.w3schools.com/vbscript/tryit4ea7.html]
[www.w3schools.com/vbscript/defaultd86a.html]
[www.w3schools.com/ajax/ajax.gif]
[www.w3schools.com/ajax/ajax_intro.html]
[www.w3schools.com/ajax/ajax_example.html]
[www.w3schools.com/ajax/ajax_xmlhttprequest_create.html]
[www.w3schools.com/ajax/ajax_xmlhttprequest_send.html]
[www.w3schools.com/ajax/cd_catalog.xml]
[www.w3schools.com/ajax/ajax_xmlhttprequest_response.html]
[www.w3schools.com/ajax/ajax_xmlhttprequest_onreadystatechange.html]
[www.w3schools.com/ajax/ajax_aspphp.html]
[www.w3schools.com/ajax/ajax_database.html]
[www.w3schools.com/ajax/ajax_xmlfile.html]
[www.w3schools.com/ajax/tryit0637.html]
[www.w3schools.com/ajax/defaultd86a.html]
[www.w3schools.com/jquery/jquery_intro.html]
[www.w3schools.com/jquery/jquery_syntax.html]
[www.w3schools.com/jquery/jquery_selectors.html]
[www.w3schools.com/jquery/jquery_events.html]
[www.w3schools.com/jquery/jquery_effects.html]
[www.w3schools.com/jquery/jquery_callback.html]
[www.w3schools.com/jquery/jquery_html.html]
[www.w3schools.com/jquery/jquery_css.html]
[www.w3schools.com/jquery/test1.txt]
[www.w3schools.com/jquery/jquery_ajax.html]
[www.w3schools.com/jquery/jquery_examples.html]
[www.w3schools.com/jquery/jquery_ref_events.html]
[www.w3schools.com/jquery/jquery_ref_effects.html]
[www.w3schools.com/jquery/jquery_ref_html.html]
[www.w3schools.com/jquery/jquery_ref_css.html]
[www.w3schools.com/jquery/jquery_ref_ajax.html]
[www.w3schools.com/jquery/jquery_ref_misc.html]
[www.w3schools.com/jquery/tryitac9f.html]
[www.w3schools.com/jquery/defaultd86a.html]
[www.w3schools.com/json/json_intro.html]
[www.w3schools.com/json/json_syntax.html]
[www.w3schools.com/images/lamp2.gif]
[www.w3schools.com/json/json_eval.html]
[www.w3schools.com/json/defaultd86a.html]
[www.w3schools.com/sql/sql_intro.html]
[www.w3schools.com/sql/sql_syntax.html]
[www.w3schools.com/sql/sql_select.html]
[www.w3schools.com/sql/sql_distinct.html]
[www.w3schools.com/sql/sql_where.html]
[www.w3schools.com/sql/sql_and_or.html]
[www.w3schools.com/sql/sql_orderby.html]
[www.w3schools.com/sql/sql_insert.html]
[www.w3schools.com/sql/sql_update.html]
[www.w3schools.com/sql/sql_delete.html]
[www.w3schools.com/sql/sql_tryit.html]
[www.w3schools.com/sql/sql_top.html]
[www.w3schools.com/sql/sql_like.html]
[www.w3schools.com/sql/sql_wildcards.html]
[www.w3schools.com/sql/sql_in.html]
[www.w3schools.com/sql/sql_between.html]
[www.w3schools.com/sql/sql_alias.html]
[www.w3schools.com/sql/sql_join.html]
[www.w3schools.com/sql/sql_join_inner.html]
[www.w3schools.com/sql/sql_join_left.html]
[www.w3schools.com/sql/sql_join_right.html]
[www.w3schools.com/sql/sql_join_full.html]
[www.w3schools.com/sql/sql_union.html]
[www.w3schools.com/sql/sql_select_into.html]
[www.w3schools.com/sql/sql_create_db.html]
[www.w3schools.com/sql/sql_create_table.html]
[www.w3schools.com/sql/sql_constraints.html]
[www.w3schools.com/sql/sql_notnull.html]
[www.w3schools.com/sql/sql_unique.html]
[www.w3schools.com/sql/sql_primarykey.html]
[www.w3schools.com/sql/sql_foreignkey.html]
[www.w3schools.com/sql/sql_check.html]
[www.w3schools.com/sql/sql_default.html]
[www.w3schools.com/sql/sql_create_index.html]
[www.w3schools.com/sql/sql_drop.html]
[www.w3schools.com/sql/sql_alter.html]
[www.w3schools.com/sql/sql_autoincrement.html]
[www.w3schools.com/sql/sql_view.html]
[www.w3schools.com/sql/sql_dates.html]
[www.w3schools.com/sql/sql_null_values.html]
[www.w3schools.com/sql/sql_isnull.html]
[www.w3schools.com/sql/sql_datatypes.html]
[www.w3schools.com/sql/sql_functions.html]
[www.w3schools.com/sql/sql_func_avg.html]
[www.w3schools.com/sql/sql_func_count.html]
[www.w3schools.com/sql/sql_func_first.html]
[www.w3schools.com/sql/sql_func_last.html]
[www.w3schools.com/sql/sql_func_max.html]
[www.w3schools.com/sql/sql_func_min.html]
[www.w3schools.com/sql/sql_func_sum.html]
[www.w3schools.com/sql/sql_groupby.html]
[www.w3schools.com/sql/sql_having.html]
[www.w3schools.com/sql/sql_func_ucase.html]
[www.w3schools.com/sql/sql_func_lcase.html]
[www.w3schools.com/sql/sql_func_mid.html]
[www.w3schools.com/sql/sql_func_len.html]
[www.w3schools.com/sql/sql_func_round.html]
[www.w3schools.com/sql/sql_func_now.html]
[www.w3schools.com/sql/sql_func_format.html]
[www.w3schools.com/sql/sql_hosting.html]
[www.w3schools.com/sql/sql_summary.html]
[www.w3schools.com/sql/defaultd86a.html]
[www.w3schools.com/asp/lamp.gif]
[www.w3schools.com/asp/asp_intro.html]
[www.w3schools.com/asp/asp_install.html]
[www.w3schools.com/asp/asp_syntax.html]
[www.w3schools.com/asp/asp_variables.html]
[www.w3schools.com/asp/asp_procedures.html]
[www.w3schools.com/asp/asp_inputforms.html]
[www.w3schools.com/asp/asp_cookies.html]
[www.w3schools.com/asp/asp_sessions.html]
[www.w3schools.com/asp/asp_applications.html]
[www.w3schools.com/asp/asp_incfiles.html]
[www.w3schools.com/asp/asp_globalasa.html]
[www.w3schools.com/asp/asp_send_email.html]
[www.w3schools.com/asp/asp_ref_response.html]
[www.w3schools.com/asp/asp_ref_request.html]
[www.w3schools.com/asp/asp_ref_application.html]
[www.w3schools.com/asp/asp_ref_session.html]
[www.w3schools.com/asp/asp_ref_server.html]
[www.w3schools.com/asp/asp_ref_error.html]
[www.w3schools.com/asp/asp_ref_filesystem.html]
[www.w3schools.com/asp/asp_ref_textstream.html]
[www.w3schools.com/asp/asp_ref_drive.html]
[www.w3schools.com/asp/asp_ref_file.html]
[www.w3schools.com/asp/asp_ref_folder.html]
[www.w3schools.com/asp/asp_ref_dictionary.html]
[www.w3schools.com/asp/asp_ado.html]
[www.w3schools.com/asp/asp_adrotator.html]
[www.w3schools.com/asp/asp_browser.html]
[www.w3schools.com/asp/asp_contentlinking.html]
[www.w3schools.com/asp/smiley.gif]
[www.w3schools.com/asp/asp_contentrotator.html]
[www.w3schools.com/asp/ajax.gif]
[www.w3schools.com/asp/asp_ajax_intro.html]
[www.w3schools.com/asp/asp_ajax_asp.html]
[www.w3schools.com/asp/asp_ajax_database.html]
[www.w3schools.com/asp/asp_quickref.html]
[www.w3schools.com/asp/asp_summary.html]
[www.w3schools.com/asp/asp_exam.html]
[www.w3schools.com/asp/showaspbb0b.html]
[www.w3schools.com/asp/defaultd86a.html]
[www.w3schools.com/ado/ado_intro.html]
[www.w3schools.com/ado/ado_connect.html]
[www.w3schools.com/ado/ado_recordset.html]
[www.w3schools.com/ado/ado_display.html]
[www.w3schools.com/ado/ado_query.html]
[www.w3schools.com/ado/ado_sort.html]
[www.w3schools.com/ado/ado_add.html]
[www.w3schools.com/ado/ado_update.html]
[www.w3schools.com/ado/ado_delete.html]
[www.w3schools.com/ado/ado_demo.html]
[www.w3schools.com/ado/ado_getstring.html]
[www.w3schools.com/ado/ado_ref_command.html]
[www.w3schools.com/ado/ado_ref_connection.html]
[www.w3schools.com/ado/ado_ref_error.html]
[www.w3schools.com/ado/ado_ref_field.html]
[www.w3schools.com/ado/ado_ref_parameter.html]
[www.w3schools.com/ado/ado_ref_property.html]
[www.w3schools.com/ado/ado_ref_record.html]
[www.w3schools.com/ado/ado_ref_recordset.html]
[www.w3schools.com/ado/ado_ref_stream.html]
[www.w3schools.com/ado/ado_datatypes.html]
[www.w3schools.com/ado/ado_summary.html]
[www.w3schools.com/ado/ado_examples.html]
[www.w3schools.com/ado/defaultd86a.html]
[www.w3schools.com/php/php_intro.html]
[www.w3schools.com/php/php_install.html]
[www.w3schools.com/php/php_syntax.html]
[www.w3schools.com/php/php_variables.html]
[www.w3schools.com/php/php_string.html]
[www.w3schools.com/php/php_operators.html]
[www.w3schools.com/php/php_if_else.html]
[www.w3schools.com/php/php_switch.html]
[www.w3schools.com/php/php_arrays.html]
[www.w3schools.com/php/php_looping.html]
[www.w3schools.com/php/php_looping_for.html]
[www.w3schools.com/php/php_functions.html]
[www.w3schools.com/php/php_forms.html]
[www.w3schools.com/php/php_get.html]
[www.w3schools.com/php/php_post.html]
[www.w3schools.com/php/php_date.html]
[www.w3schools.com/php/php_includes.html]
[www.w3schools.com/php/php_file.html]
[www.w3schools.com/php/php_file_upload.html]
[www.w3schools.com/php/php_cookies.html]
[www.w3schools.com/php/php_sessions.html]
[www.w3schools.com/php/php_mail.html]
[www.w3schools.com/php/php_secure_mail.html]
[www.w3schools.com/php/php_error.html]
[www.w3schools.com/php/php_exception.html]
[www.w3schools.com/php/php_filter.html]
[www.w3schools.com/php/php_mysql_intro.html]
[www.w3schools.com/php/php_mysql_connect.html]
[www.w3schools.com/php/php_mysql_create.html]
[www.w3schools.com/php/php_mysql_insert.html]
[www.w3schools.com/php/php_mysql_select.html]
[www.w3schools.com/php/php_mysql_where.html]
[www.w3schools.com/php/php_mysql_order_by.html]
[www.w3schools.com/php/php_mysql_update.html]
[www.w3schools.com/php/php_mysql_delete.html]
[www.w3schools.com/php/php_db_odbc.html]
[www.w3schools.com/php/php_xml_parser_expat.html]
[www.w3schools.com/php/php_xml_dom.html]
[www.w3schools.com/php/php_xml_simplexml.html]
[www.w3schools.com/php/ajax.gif]
[www.w3schools.com/php/php_ajax_intro.html]
[www.w3schools.com/php/php_ajax_php.html]
[www.w3schools.com/php/php_ajax_database.html]
[www.w3schools.com/php/cd_catalog.xml]
[www.w3schools.com/php/php_ajax_xml.html]
[www.w3schools.com/php/links.xml]
[www.w3schools.com/php/php_ajax_livesearch.html]
[www.w3schools.com/php/php_ajax_rss_reader.html]
[www.w3schools.com/php/php_ajax_poll.html]
[www.w3schools.com/php/php_ref_calendar.html]
[www.w3schools.com/php/php_ref_date.html]
[www.w3schools.com/php/php_ref_directory.html]
[www.w3schools.com/php/php_ref_error.html]
[www.w3schools.com/php/php_ref_filesystem.html]
[www.w3schools.com/php/php_ref_filter.html]
[www.w3schools.com/php/php_ref_ftp.html]
[www.w3schools.com/php/php_ref_http.html]
[www.w3schools.com/php/php_ref_libxml.html]
[www.w3schools.com/php/php_ref_mail.html]
[www.w3schools.com/php/php_ref_math.html]
[www.w3schools.com/php/php_ref_misc.html]
[www.w3schools.com/php/php_ref_mysql.html]
[www.w3schools.com/php/php_ref_simplexml.html]
[www.w3schools.com/php/php_ref_string.html]
[www.w3schools.com/php/php_ref_xml.html]
[www.w3schools.com/php/php_ref_zip.html]
[www.w3schools.com/php/php_exam.html]
[www.w3schools.com/php/defaultd86a.html]
[www.w3schools.com/aspnet/aspnet.html]
[www.w3schools.com/aspnet/30.jpg]
[www.w3schools.com/aspnet/webpages_demo.html]
[www.w3schools.com/aspnet/12.jpg]
[www.w3schools.com/aspnet/13.jpg]
[www.w3schools.com/aspnet/14.jpg]
[www.w3schools.com/aspnet/16.jpg]
[www.w3schools.com/aspnet/17.jpg]
[www.w3schools.com/aspnet/19.jpg]
[www.w3schools.com/aspnet/20.jpg]
[www.w3schools.com/aspnet/webpages_webmatrix.html]
[www.w3schools.com/aspnet/31.jpg]
[www.w3schools.com/aspnet/webpages_website.html]
[www.w3schools.com/aspnet/webpages_navigation.html]
[www.w3schools.com/aspnet/01.jpg]
[www.w3schools.com/aspnet/02.jpg]
[www.w3schools.com/aspnet/webpages_database.html]
[www.w3schools.com/aspnet/webpages_login.html]
[www.w3schools.com/aspnet/webpages_security.html]
[www.w3schools.com/aspnet/webpages_intro.html]
[www.w3schools.com/aspnet/webpages_razor.html]
[www.w3schools.com/aspnet/webpages_layout.html]
[www.w3schools.com/aspnet/webpages_folders.html]
[www.w3schools.com/aspnet/pic_webpages_pagestart.jpg]
[www.w3schools.com/aspnet/webpages_global.html]
[www.w3schools.com/aspnet/webpages_forms.html]
[www.w3schools.com/aspnet/webpages_objects.html]
[www.w3schools.com/aspnet/webpages_files.html]
[www.w3schools.com/aspnet/06.jpg]
[www.w3schools.com/aspnet/07.jpg]
[www.w3schools.com/aspnet/04.jpg]
[www.w3schools.com/aspnet/webpages_helpers.html]
[www.w3schools.com/aspnet/webpages_webgrid.html]
[www.w3schools.com/aspnet/webpages_chart.html]
[www.w3schools.com/aspnet/webpages_email.html]
[www.w3schools.com/aspnet/21.jpg]
[www.w3schools.com/aspnet/webpages_php.html]
[www.w3schools.com/aspnet/webpages_publish.html]
[www.w3schools.com/aspnet/webpages_ref_classes.html]
[www.w3schools.com/aspnet/webpages_ref_websecurity.html]
[www.w3schools.com/aspnet/webpages_ref_database.html]
[www.w3schools.com/aspnet/webpages_ref_webmail.html]
[www.w3schools.com/aspnet/webpages_ref_helpers.html]
[www.w3schools.com/aspnet/razor_intro.html]
[www.w3schools.com/aspnet/razor_syntax.html]
[www.w3schools.com/aspnet/razor_cs_variables.html]
[www.w3schools.com/aspnet/razor_cs_loops.html]
[www.w3schools.com/aspnet/razor_cs_logic.html]
[www.w3schools.com/aspnet/razor_vb_variables.html]
[www.w3schools.com/aspnet/razor_vb_loops.html]
[www.w3schools.com/aspnet/razor_vb_logic.html]
[www.w3schools.com/aspnet/27.jpg]
[www.w3schools.com/aspnet/mvc_intro.html]
[www.w3schools.com/aspnet/pic_mvc_new_project.jpg]
[www.w3schools.com/aspnet/pic_mvc_explorer.jpg]
[www.w3schools.com/aspnet/mvc_app.html]
[www.w3schools.com/aspnet/pic_mvc_solution.jpg]
[www.w3schools.com/aspnet/pic_mvc_content.jpg]
[www.w3schools.com/aspnet/pic_mvc_controllers.jpg]
[www.w3schools.com/aspnet/pic_mvc_views.jpg]
[www.w3schools.com/aspnet/pic_mvc_scripts.jpg]
[www.w3schools.com/aspnet/mvc_folders.html]
[www.w3schools.com/aspnet/mvc_layout.html]
[www.w3schools.com/aspnet/mvc_controllers.html]
[www.w3schools.com/aspnet/pic_mvc_app.jpg]
[www.w3schools.com/aspnet/mvc_views.html]
[www.w3schools.com/aspnet/pic_mvc_dbexplorer.jpg]
[www.w3schools.com/aspnet/mvc_database.html]
[www.w3schools.com/aspnet/mvc_models.html]
[www.w3schools.com/aspnet/10.jpg]
[www.w3schools.com/aspnet/mvc_security.html]
[www.w3schools.com/aspnet/mvc_htmlhelpers.html]
[www.w3schools.com/aspnet/mvc_publish.html]
[www.w3schools.com/aspnet/mvc_reference.html]
[www.w3schools.com/aspnet/03.jpg]
[www.w3schools.com/aspnet/pic_wf_vwd.jpg]
[www.w3schools.com/aspnet/aspnet_demo_intro.html]
[www.w3schools.com/aspnet/pic_wf_solution.jpg]
[www.w3schools.com/aspnet/aspnet_demo_files.html]
[www.w3schools.com/aspnet/aspnet_demo_menu.html]
[www.w3schools.com/aspnet/aspnet_demo_database.html]
[www.w3schools.com/aspnet/aspnet_intro.html]
[www.w3schools.com/aspnet/aspnet_pages.html]
[www.w3schools.com/aspnet/aspnet_controls.html]
[www.w3schools.com/aspnet/aspnet_events.html]
[www.w3schools.com/aspnet/aspnet_forms.html]
[www.w3schools.com/aspnet/aspnet_viewstate.html]
[www.w3schools.com/aspnet/aspnet_textbox.html]
[www.w3schools.com/aspnet/aspnet_button.html]
[www.w3schools.com/aspnet/aspnet_databinding.html]
[www.w3schools.com/aspnet/aspnet_arraylist.html]
[www.w3schools.com/aspnet/aspnet_hashtable.html]
[www.w3schools.com/aspnet/aspnet_sortedlist.html]
[www.w3schools.com/aspnet/countries.xml]
[www.w3schools.com/aspnet/aspnet_xml.html]
[www.w3schools.com/aspnet/cdcatalog.xml]
[www.w3schools.com/aspnet/aspnet_repeater.html]
[www.w3schools.com/aspnet/aspnet_datalist.html]
[www.w3schools.com/aspnet/aspnet_dbconnection.html]
[www.w3schools.com/aspnet/aspnet_masterpages.html]
[www.w3schools.com/aspnet/aspnet_navigation.html]
[www.w3schools.com/aspnet/aspnet_refhtmlcontrols.html]
[www.w3schools.com/aspnet/aspnet_refwebcontrols.html]
[www.w3schools.com/aspnet/aspnet_refvalidationcontrols.html]
[www.w3schools.com/aspnet/defaultd86a.html]
[www.w3schools.com/dotnetmobile/mobile_intro.html]
[www.w3schools.com/dotnetmobile/mobile_example.html]
[www.w3schools.com/dotnetmobile/mobile_emulators.html]
[www.w3schools.com/dotnetmobile/mobile_forms.html]
[www.w3schools.com/dotnetmobile/mobile_events.html]
[www.w3schools.com/dotnetmobile/mobile_input.html]
[www.w3schools.com/dotnetmobile/mobile_validation.html]
[www.w3schools.com/dotnetmobile/mobile_lists.html]
[www.w3schools.com/dotnetmobile/mobile_selection.html]
[www.w3schools.com/dotnetmobile/mobile_images.html]
[www.w3schools.com/dotnetmobile/mobile_utilities.html]
[www.w3schools.com/dotnetmobile/mobile_reference.html]
[www.w3schools.com/dotnetmobile/defaultd86a.html]
[www.w3schools.com/xml/xml_whatis.html]
[www.w3schools.com/xml/xml_usedfor.html]
[www.w3schools.com/xml/nodetree.gif]
[www.w3schools.com/xml/xml_tree.html]
[www.w3schools.com/xml/xml_syntax.html]
[www.w3schools.com/xml/xml_elements.html]
[www.w3schools.com/xml/xml_attributes.html]
[www.w3schools.com/xml/xml_dtd.html]
[www.w3schools.com/xml/xml_validator.html]
[www.w3schools.com/xml/xml_view.html]
[www.w3schools.com/xml/xml_display.html]
[www.w3schools.com/xml/xml_xsl.html]
[www.w3schools.com/xml/xml_http.html]
[www.w3schools.com/xml/xml_parser.html]
[www.w3schools.com/xml/xml_dom.html]
[www.w3schools.com/xml/xml_to_html.html]
[www.w3schools.com/xml/xml_applications.html]
[www.w3schools.com/xml/xml_namespaces.html]
[www.w3schools.com/xml/xml_cdata.html]
[www.w3schools.com/xml/singlebyte2.xml]
[www.w3schools.com/xml/singlebyte1.xml]
[www.w3schools.com/xml/doublebyte2.xml]
[www.w3schools.com/xml/doublebyte1.xml]
[www.w3schools.com/xml/note_encode_none_u.xml]
[www.w3schools.com/xml/note_encode_1252_u.xml]
[www.w3schools.com/xml/note_encode_8859_u.xml]
[www.w3schools.com/xml/note_encode_utf8_u.xml]
[www.w3schools.com/xml/note_encode_utf16_u.xml]
[www.w3schools.com/xml/xml_encoding.html]
[www.w3schools.com/xml/xml_server.html]
[www.w3schools.com/xml/books.xml]
[www.w3schools.com/xml/xml_dom_advanced.html]
[www.w3schools.com/xml/xml_dont.html]
[www.w3schools.com/xml/xml_technologies.html]
[www.w3schools.com/xml/xml_real_life.html]
[www.w3schools.com/images/altova_xmlspy_2012.gif]
[www.w3schools.com/xml/xml_editors.html]
[www.w3schools.com/xml/xml_e4x.html]
[www.w3schools.com/xml/xml_summary.html]
[www.w3schools.com/xml/xml_exam.html]
[www.w3schools.com/xml/defaultd86a.html]
[www.w3schools.com/dtd/note_in_dtd.xml]
[www.w3schools.com/dtd/note_ex_dtd.xml]
[www.w3schools.com/dtd/dtd_intro.html]
[www.w3schools.com/dtd/dtd_building.html]
[www.w3schools.com/dtd/dtd_elements.html]
[www.w3schools.com/dtd/dtd_attributes.html]
[www.w3schools.com/dtd/dtd_el_vs_attr.html]
[www.w3schools.com/dtd/dtd_entities.html]
[www.w3schools.com/dtd/note_dtd_error.xml]
[www.w3schools.com/dtd/dtd_validation.html]
[www.w3schools.com/dtd/dtd_examples.html]
[www.w3schools.com/dtd/dtd_summary.html]
[www.w3schools.com/dtd/defaultd86a.html]
[www.w3schools.com/dom/dom_intro.html]
[www.w3schools.com/dom/dom_nodes.html]
[www.w3schools.com/dom/navigate.gif]
[www.w3schools.com/dom/dom_nodetree.html]
[www.w3schools.com/dom/dom_parser.html]
[www.w3schools.com/dom/dom_loadxmldoc.html]
[www.w3schools.com/dom/dom_methods.html]
[www.w3schools.com/dom/dom_nodes_access.html]
[www.w3schools.com/dom/dom_nodes_info.html]
[www.w3schools.com/dom/nodelist.gif]
[www.w3schools.com/dom/dom_nodes_nodelist.html]
[www.w3schools.com/dom/dom_nodes_traverse.html]
[www.w3schools.com/dom/dom_mozilla_vs_ie.html]
[www.w3schools.com/dom/dom_nodes_navigate.html]
[www.w3schools.com/dom/dom_nodes_get.html]
[www.w3schools.com/dom/dom_nodes_set.html]
[www.w3schools.com/dom/dom_nodes_remove.html]
[www.w3schools.com/dom/dom_nodes_replace.html]
[www.w3schools.com/dom/dom_nodes_create.html]
[www.w3schools.com/dom/dom_nodes_add.html]
[www.w3schools.com/dom/dom_nodes_clone.html]
[www.w3schools.com/dom/cd_catalog.xml]
[www.w3schools.com/dom/dom_httprequest.html]
[www.w3schools.com/dom/dom_node.html]
[www.w3schools.com/dom/dom_nodelist.html]
[www.w3schools.com/dom/dom_namednodemap.html]
[www.w3schools.com/dom/dom_document.html]
[www.w3schools.com/dom/dom_documentimplementation.html]
[www.w3schools.com/dom/dom_documenttype.html]
[www.w3schools.com/dom/dom_processinginstruction.html]
[www.w3schools.com/dom/dom_element.html]
[www.w3schools.com/dom/dom_attribute.html]
[www.w3schools.com/dom/dom_text.html]
[www.w3schools.com/dom/dom_cdatasection.html]
[www.w3schools.com/dom/dom_comment.html]
[www.w3schools.com/dom/dom_http.html]
[www.w3schools.com/dom/note_error.xml]
[www.w3schools.com/dom/dom_errors.html]
[www.w3schools.com/dom/dom_errors_crossbrowser.html]
[www.w3schools.com/dom/dom_summary.html]
[www.w3schools.com/dom/dom_validate.html]
[www.w3schools.com/dom/defaultd86a.html]
[www.w3schools.com/xsl/xsl_languages.html]
[www.w3schools.com/xsl/xsl_intro.html]
[www.w3schools.com/xsl/xsl_browsers.html]
[www.w3schools.com/xsl/cdcatalog.xml]
[www.w3schools.com/xsl/cdcatalog.xsl]
[www.w3schools.com/xsl/cdcatalog_with_xsl.xml]
[www.w3schools.com/xsl/xsl_transformation.html]
[www.w3schools.com/xsl/xsl_templates.html]
[www.w3schools.com/xsl/xsl_value_of.html]
[www.w3schools.com/xsl/xsl_for_each.html]
[www.w3schools.com/xsl/xsl_sort.html]
[www.w3schools.com/xsl/xsl_if.html]
[www.w3schools.com/xsl/xsl_choose.html]
[www.w3schools.com/xsl/xsl_apply_templates.html]
[www.w3schools.com/xsl/xsl_client.html]
[www.w3schools.com/xsl/xsl_server.html]
[www.w3schools.com/xsl/tool.xml]
[www.w3schools.com/xsl/tool.xsl]
[www.w3schools.com/xsl/tool_updated.xsl]
[www.w3schools.com/xsl/xsl_editxml.html]
[www.w3schools.com/xsl/xsl_editors.html]
[www.w3schools.com/xsl/xsl_summary.html]
[www.w3schools.com/xsl/xsl_examples.html]
[www.w3schools.com/xsl/xsl_functions.html]
[www.w3schools.com/xsl/tryxslt6802.html]
[www.w3schools.com/xsl/defaultd86a.html]
[www.w3schools.com/xpath/xpath1.gif]
[www.w3schools.com/xpath/xpath_intro.html]
[www.w3schools.com/xpath/xpath_nodes.html]
[www.w3schools.com/xpath/xpath_syntax.html]
[www.w3schools.com/xpath/xpath_axes.html]
[www.w3schools.com/xpath/xpath_operators.html]
[www.w3schools.com/xpath/books.xml]
[www.w3schools.com/xpath/xpath_examples.html]
[www.w3schools.com/xpath/xpath_summary.html]
[www.w3schools.com/xpath/defaultd86a.html]
[www.w3schools.com/xquery/xpath.gif]
[www.w3schools.com/xquery/xquery_intro.html]
[www.w3schools.com/xquery/books.xml]
[www.w3schools.com/xquery/xquery_example.html]
[www.w3schools.com/xquery/xquery_flwor.html]
[www.w3schools.com/xquery/xquery_flwor_html.html]
[www.w3schools.com/xquery/xquery_terms.html]
[www.w3schools.com/xquery/xquery_syntax.html]
[www.w3schools.com/xquery/xquery_add.html]
[www.w3schools.com/xquery/xquery_select.html]
[www.w3schools.com/xquery/xquery_functions.html]
[www.w3schools.com/xquery/xquery_summary.html]
[www.w3schools.com/xquery/xquery_reference.html]
[www.w3schools.com/xquery/defaultd86a.html]
[www.w3schools.com/xlink/xpath.gif]
[www.w3schools.com/xlink/xlink_intro.html]
[www.w3schools.com/xlink/xlink_syntax.html]
[www.w3schools.com/xlink/bookstore.xml]
[www.w3schools.com/xlink/xlink_example.html]
[www.w3schools.com/xlink/dogbreeds.xml]
[www.w3schools.com/xlink/xpointer_example.html]
[www.w3schools.com/xlink/xlink_summary.html]
[www.w3schools.com/xlink/xlink_reference.html]
[www.w3schools.com/xlink/defaultd86a.html]
[www.w3schools.com/schema/schema_intro.html]
[www.w3schools.com/schema/schema_why.html]
[www.w3schools.com/schema/schema_howto.html]
[www.w3schools.com/schema/schema_schema.html]
[www.w3schools.com/schema/schema_simple.html]
[www.w3schools.com/schema/schema_simple_attributes.html]
[www.w3schools.com/schema/schema_facets.html]
[www.w3schools.com/schema/schema_complex.html]
[www.w3schools.com/schema/schema_complex_empty.html]
[www.w3schools.com/schema/schema_complex_elements.html]
[www.w3schools.com/schema/schema_complex_text.html]
[www.w3schools.com/schema/schema_complex_mixed.html]
[www.w3schools.com/schema/schema_complex_indicators.html]
[www.w3schools.com/schema/schema_complex_any.html]
[www.w3schools.com/schema/schema_complex_anyattribute.html]
[www.w3schools.com/schema/schema_complex_subst.html]
[www.w3schools.com/schema/schema_example.html]
[www.w3schools.com/schema/schema_dtypes_string.html]
[www.w3schools.com/schema/schema_dtypes_date.html]
[www.w3schools.com/schema/schema_dtypes_numeric.html]
[www.w3schools.com/schema/schema_dtypes_misc.html]
[www.w3schools.com/schema/schema_editor.html]
[www.w3schools.com/schema/schema_summary.html]
[www.w3schools.com/schema/schema_elements_ref.html]
[www.w3schools.com/schema/defaultd86a.html]
[www.w3schools.com/xslfo/xslfo_intro.html]
[www.w3schools.com/xslfo/xslfo_documents.html]
[www.w3schools.com/xslfo/xslfo_areas.html]
[www.w3schools.com/xslfo/xslfo_output.html]
[www.w3schools.com/xslfo/xslfo_flow.html]
[www.w3schools.com/xslfo/img_pages.gif]
[www.w3schools.com/xslfo/xslfo_pages.html]
[www.w3schools.com/xslfo/img_boxmodel.gif]
[www.w3schools.com/xslfo/xslfo_blocks.html]
[www.w3schools.com/xslfo/xslfo_lists.html]
[www.w3schools.com/xslfo/xslfo_tables.html]
[www.w3schools.com/xslfo/xslfo_xslt.html]
[www.w3schools.com/xslfo/xslfo_software.html]
[www.w3schools.com/xslfo/defaultd86a.html]
[www.w3schools.com/svg/svg_intro.html]
[www.w3schools.com/svg/svg_example.html]
[www.w3schools.com/svg/svg_inhtml.html]
[www.w3schools.com/svg/svg_rect.html]
[www.w3schools.com/svg/svg_circle.html]
[www.w3schools.com/svg/svg_ellipse.html]
[www.w3schools.com/svg/svg_line.html]
[www.w3schools.com/svg/svg_polygon.html]
[www.w3schools.com/svg/svg_polyline.html]
[www.w3schools.com/svg/svg_path.html]
[www.w3schools.com/svg/svg_text.html]
[www.w3schools.com/svg/svg_stroking.html]
[www.w3schools.com/svg/svg_filters_intro.html]
[www.w3schools.com/svg/svg_fegaussianblur.jpg]
[www.w3schools.com/svg/svg_fegaussianblur.html]
[www.w3schools.com/svg/svg_feoffset.gif]
[www.w3schools.com/svg/svg_feoffset2.jpg]
[www.w3schools.com/svg/svg_feoffset3.jpg]
[www.w3schools.com/svg/svg_feoffset4.jpg]
[www.w3schools.com/svg/svg_feoffset.html]
[www.w3schools.com/svg/svg_grad_linear.html]
[www.w3schools.com/svg/svg_grad_radial.html]
[www.w3schools.com/svg/svg_reference.html]
[www.w3schools.com/svg/tryitbafc.html]
[www.w3schools.com/svg/defaultd86a.html]
[www.w3schools.com/webservices/ws_intro.html]
[www.w3schools.com/webservices/ws_why.html]
[www.w3schools.com/webservices/ws_platform.html]
[www.w3schools.com/webservices/tempconverte7f6.asmx]
[www.w3schools.com/webservices/ws_example.html]
[www.w3schools.com/webservices/ws_use.html]
[www.w3schools.com/webservices/ws_summary.html]
[www.w3schools.com/webservices/defaultd86a.html]
[www.w3schools.com/wsdl/wsdl_intro.html]
[www.w3schools.com/wsdl/wsdl_documents.html]
[www.w3schools.com/wsdl/wsdl_ports.html]
[www.w3schools.com/wsdl/wsdl_binding.html]
[www.w3schools.com/wsdl/wsdl_uddi.html]
[www.w3schools.com/wsdl/wsdl_summary.html]
[www.w3schools.com/wsdl/defaultd86a.html]
[www.w3schools.com/soap/soap_intro.html]
[www.w3schools.com/soap/soap_syntax.html]
[www.w3schools.com/soap/soap_envelope.html]
[www.w3schools.com/soap/soap_header.html]
[www.w3schools.com/soap/soap_body.html]
[www.w3schools.com/soap/soap_fault.html]
[www.w3schools.com/soap/soap_httpbinding.html]
[www.w3schools.com/soap/soap_example.html]
[www.w3schools.com/soap/soap_summary.html]
[www.w3schools.com/soap/defaultd86a.html]
[www.w3schools.com/rss/easy.gif]
[www.w3schools.com/rss/spam.gif]
[www.w3schools.com/rss/traffic.gif]
[www.w3schools.com/rss/rss_intro.html]
[www.w3schools.com/rss/rss_history.html]
[www.w3schools.com/rss/rss_syntax.html]
[www.w3schools.com/rss/rss_channel.html]
[www.w3schools.com/rss/rss_item.html]
[www.w3schools.com/rss/rss.gif]
[www.w3schools.com/rss/xml.gif]
[www.w3schools.com/rss/rss_publishing.html]
[www.w3schools.com/rss/firefox_rss.gif]
[www.w3schools.com/rss/rss_readers.html]
[www.w3schools.com/rss/rss_examples.html]
[www.w3schools.com/rss/rss_reference.html]
[www.w3schools.com/rss/defaultd86a.html]
[www.w3schools.com/rdf/rdf_intro.html]
[www.w3schools.com/rdf/rdf_rules.html]
[www.w3schools.com/rdf/rdf_example.html]
[www.w3schools.com/rdf/rdf_main.html]
[www.w3schools.com/rdf/rdf_containers.html]
[www.w3schools.com/rdf/rdf_collections.html]
[www.w3schools.com/rdf/rdf_schema.html]
[www.w3schools.com/rdf/rdf_dublin.html]
[www.w3schools.com/rdf/rdf_owl.html]
[www.w3schools.com/rdf/rdf-syntax-ns.xml]
[www.w3schools.com/rdf/rdf-schema.xml]
[www.w3schools.com/rdf/rdf_reference.html]
[www.w3schools.com/rdf/defaultd86a.html]
[www.w3schools.com/web/pic_web.jpg]
[www.w3schools.com/web/web_www.html]
[www.w3schools.com/web/pic_ie.jpg]
[www.w3schools.com/web/web_html.html]
[www.w3schools.com/web/web_css.html]
[www.w3schools.com/web/web_javascript.html]
[www.w3schools.com/web/web_xml.html]
[www.w3schools.com/web/web_scripting.html]
[www.w3schools.com/web/web_sql.html]
[www.w3schools.com/web/web_design.html]
[www.w3schools.com/web/web_standards.html]
[www.w3schools.com/images/w3semanticweb.gif]
[www.w3schools.com/web/semweb.gif]
[www.w3schools.com/web/web_semantic.html]
[www.w3schools.com/web/web_glossary.html]
[www.w3schools.com/web/web_search.html]
[www.w3schools.com/web/defaultd86a.html]
[www.w3schools.com/browsers/pic_iphone4.png]
[www.w3schools.com/browsers/browsers_mobile.html]
[www.w3schools.com/browsers/pic_ie_large.jpg]
[www.w3schools.com/browsers/browsers_explorer.html]
[www.w3schools.com/browsers/pic_firefox_large.jpg]
[www.w3schools.com/browsers/browsers_firefox.html]
[www.w3schools.com/browsers/pic_chrome_large.gif]
[www.w3schools.com/browsers/browsers_chrome.html]
[www.w3schools.com/browsers/pic_safari_large.gif]
[www.w3schools.com/browsers/browsers_safari.html]
[www.w3schools.com/browsers/pic_opera_large.jpg]
[www.w3schools.com/browsers/browsers_opera.html]
[www.w3schools.com/browsers/pic_mozilla_large.jpg]
[www.w3schools.com/browsers/browsers_mozilla.html]
[www.w3schools.com/browsers/pic_netscape_large.jpg]
[www.w3schools.com/browsers/browsers_netscape.html]
[www.w3schools.com/browsers/defaultd86a.html]
[www.w3schools.com/cert/mail_exam.gif]
[www.w3schools.com/cert/cert_html.html]
[www.w3schools.com/cert/pic_css_cert_small.gif]
[www.w3schools.com/cert/cert_css.html]
[www.w3schools.com/cert/pic_js_cert_small.gif]
[www.w3schools.com/cert/cert_javascript.html]
[www.w3schools.com/cert/pic_jquery_cert_small.gif]
[www.w3schools.com/cert/cert_jquery.html]
[www.w3schools.com/cert/pic_xml_cert_small.gif]
[www.w3schools.com/cert/cert_xml.html]
[www.w3schools.com/cert/pic_asp_cert_small.gif]
[www.w3schools.com/cert/cert_asp.html]
[www.w3schools.com/cert/pic_php_cert_small.gif]
[www.w3schools.com/cert/cert_php.html]
[www.w3schools.com/cert/career_tips.html]
[www.w3schools.com/cert/career_cv.html]
[www.w3schools.com/cert/icon_paypal.gif]
[www.w3schools.com/cert/icon_visa.gif]
[www.w3schools.com/cert/icon_mastercard.gif]
[www.w3schools.com/cert/icon_discover.gif]
[www.w3schools.com/cert/icon_amex.gif]
[www.w3schools.com/cert/cert_html_reg.html]
[www.w3schools.com/cert/cert_css_reg.html]
[www.w3schools.com/cert/cert_javascript_reg.html]
[www.w3schools.com/cert/cert_jquery_reg.html]
[www.w3schools.com/cert/cert_xml_reg.html]
[www.w3schools.com/cert/cert_asp_reg.html]
[www.w3schools.com/cert/cert_php_reg.html]
[www.w3schools.com/cert/defaultd86a.html]
[www.w3schools.com/hosting/host_intro.html]
[www.w3schools.com/hosting/host_providers.html]
[www.w3schools.com/hosting/host_domains.html]
[www.w3schools.com/hosting/host_capacity.html]
[www.w3schools.com/hosting/host_email.html]
[www.w3schools.com/hosting/host_technologies.html]
[www.w3schools.com/hosting/host_databases.html]
[www.w3schools.com/hosting/host_types.html]
[www.w3schools.com/hosting/host_ecommerce.html]
[www.w3schools.com/hosting/defaultd86a.html]
[www.w3schools.com/w3c/w3c_intro.html]
[www.w3schools.com/w3c/w3c_process.html]
[www.w3schools.com/w3c/w3c_html.html]
[www.w3schools.com/w3c/w3c_xhtml.html]
[www.w3schools.com/w3c/w3c_xml.html]
[www.w3schools.com/w3c/w3c_css.html]
[www.w3schools.com/w3c/w3c_xsl.html]
[www.w3schools.com/w3c/w3c_schema.html]
[www.w3schools.com/w3c/w3c_xpath.html]
[www.w3schools.com/w3c/w3c_xquery.html]
[www.w3schools.com/w3c/w3c_dom.html]
[www.w3schools.com/w3c/w3c_soap.html]
[www.w3schools.com/w3c/w3c_wsdl.html]
[www.w3schools.com/w3c/w3c_rdf.html]
[www.w3schools.com/w3c/w3c_other.html]
[www.w3schools.com/w3c/defaultd86a.html]
[www.w3schools.com/quality/quality_standards.html]
[www.w3schools.com/quality/quality_elements.html]
[www.w3schools.com/quality/quality_styles.html]
[www.w3schools.com/quality/quality_readability.html]
[www.w3schools.com/quality/quality_accessibility.html]
[www.w3schools.com/quality/quality_international.html]
[www.w3schools.com/quality/defaultd86a.html]
[www.w3schools.com/tags/ref_byfunc.html]
[www.w3schools.com/tags/ref_html_dtd.html]
[www.w3schools.com/tags/ref_colormixer.html]
[www.w3schools.com/tags/tag_comment.html]
[www.w3schools.com/tags/tag_doctype.html]
[www.w3schools.com/tags/tag_a.html]
[www.w3schools.com/tags/tag_abbr.html]
[www.w3schools.com/tags/tag_acronym.html]
[www.w3schools.com/tags/tag_address.html]
[www.w3schools.com/tags/tag_applet.html]
[www.w3schools.com/tags/tag_area.html]
[www.w3schools.com/tags/tag_font_style.html]
[www.w3schools.com/tags/tag_base.html]
[www.w3schools.com/tags/tag_basefont.html]
[www.w3schools.com/tags/tag_bdo.html]
[www.w3schools.com/tags/tag_blockquote.html]
[www.w3schools.com/tags/tag_body.html]
[www.w3schools.com/tags/tag_br.html]
[www.w3schools.com/tags/tag_button.html]
[www.w3schools.com/tags/tag_caption.html]
[www.w3schools.com/tags/tag_center.html]
[www.w3schools.com/tags/tag_phrase_elements.html]
[www.w3schools.com/tags/tag_col.html]
[www.w3schools.com/tags/tag_colgroup.html]
[www.w3schools.com/tags/tag_dd.html]
[www.w3schools.com/tags/tag_del.html]
[www.w3schools.com/tags/tag_dir.html]
[www.w3schools.com/tags/tag_div.html]
[www.w3schools.com/tags/tag_dl.html]
[www.w3schools.com/tags/tag_dt.html]
[www.w3schools.com/tags/tag_fieldset.html]
[www.w3schools.com/tags/tag_font.html]
[www.w3schools.com/tags/tag_form.html]
[www.w3schools.com/tags/tag_frame.html]
[www.w3schools.com/tags/tag_frameset.html]
[www.w3schools.com/tags/tag_head.html]
[www.w3schools.com/tags/tag_hn.html]
[www.w3schools.com/tags/tag_hr.html]
[www.w3schools.com/tags/tag_html.html]
[www.w3schools.com/tags/tag_iframe.html]
[www.w3schools.com/tags/tag_img.html]
[www.w3schools.com/tags/tag_input.html]
[www.w3schools.com/tags/tag_ins.html]
[www.w3schools.com/tags/tag_label.html]
[www.w3schools.com/tags/tag_legend.html]
[www.w3schools.com/tags/tag_li.html]
[www.w3schools.com/tags/tag_link.html]
[www.w3schools.com/tags/tag_map.html]
[www.w3schools.com/tags/tag_menu.html]
[www.w3schools.com/tags/tag_meta.html]
[www.w3schools.com/tags/tag_noframes.html]
[www.w3schools.com/tags/tag_noscript.html]
[www.w3schools.com/tags/tag_object.html]
[www.w3schools.com/tags/tag_ol.html]
[www.w3schools.com/tags/tag_optgroup.html]
[www.w3schools.com/tags/tag_option.html]
[www.w3schools.com/tags/tag_p.html]
[www.w3schools.com/tags/tag_param.html]
[www.w3schools.com/tags/tag_pre.html]
[www.w3schools.com/tags/tag_q.html]
[www.w3schools.com/tags/tag_strike.html]
[www.w3schools.com/tags/tag_script.html]
[www.w3schools.com/tags/tag_select.html]
[www.w3schools.com/tags/tag_span.html]
[www.w3schools.com/tags/tag_style.html]
[www.w3schools.com/tags/tag_sup.html]
[www.w3schools.com/tags/tag_table.html]
[www.w3schools.com/tags/tag_tbody.html]
[www.w3schools.com/tags/tag_td.html]
[www.w3schools.com/tags/tag_textarea.html]
[www.w3schools.com/tags/tag_tfoot.html]
[www.w3schools.com/tags/tag_th.html]
[www.w3schools.com/tags/tag_thead.html]
[www.w3schools.com/tags/tag_title.html]
[www.w3schools.com/tags/tag_tr.html]
[www.w3schools.com/tags/tag_u.html]
[www.w3schools.com/tags/tag_ul.html]
[www.w3schools.com/tags/defaultd86a.html]
[www.w3schools.com/html5/html5_referenced86a.html]
[www.w3schools.com/dom/loadxmldoc.js]
[www.w3schools.com/dom/tryit3110.html]
[www.w3schools.com/dom/tryit7711.html]
[www.w3schools.com/dom/dom_nodetyped86a.html]
[www.w3schools.com/jsref/jsref_obj_array.html]
[www.w3schools.com/jsref/jsref_obj_boolean.html]
[www.w3schools.com/jsref/jsref_obj_date.html]
[www.w3schools.com/jsref/jsref_obj_math.html]
[www.w3schools.com/jsref/jsref_obj_number.html]
[www.w3schools.com/jsref/jsref_obj_string.html]
[www.w3schools.com/jsref/jsref_obj_regexp.html]
[www.w3schools.com/jsref/jsref_obj_global.html]
[www.w3schools.com/jsref/obj_window.html]
[www.w3schools.com/jsref/obj_navigator.html]
[www.w3schools.com/jsref/obj_screen.html]
[www.w3schools.com/jsref/obj_history.html]
[www.w3schools.com/jsref/obj_location.html]
[www.w3schools.com/jsref/dom_obj_node.html]
[www.w3schools.com/jsref/dom_obj_nodelist.html]
[www.w3schools.com/jsref/dom_obj_namednodemap.html]
[www.w3schools.com/jsref/dom_obj_core_document.html]
[www.w3schools.com/jsref/dom_obj_element.html]
[www.w3schools.com/jsref/dom_obj_attr.html]
[www.w3schools.com/jsref/dom_obj_document.html]
[www.w3schools.com/jsref/dom_obj_event.html]
[www.w3schools.com/jsref/dom_obj_all.html]
[www.w3schools.com/jsref/dom_obj_anchor.html]
[www.w3schools.com/jsref/dom_obj_area.html]
[www.w3schools.com/jsref/dom_obj_base.html]
[www.w3schools.com/jsref/dom_obj_body.html]
[www.w3schools.com/jsref/dom_obj_pushbutton.html]
[www.w3schools.com/jsref/dom_obj_form.html]
[www.w3schools.com/jsref/dom_obj_frame.html]
[www.w3schools.com/jsref/dom_obj_frameset.html]
[www.w3schools.com/jsref/dom_obj_image.html]
[www.w3schools.com/jsref/dom_obj_button.html]
[www.w3schools.com/jsref/dom_obj_checkbox.html]
[www.w3schools.com/jsref/dom_obj_fileupload.html]
[www.w3schools.com/jsref/dom_obj_hidden.html]
[www.w3schools.com/jsref/dom_obj_password.html]
[www.w3schools.com/jsref/dom_obj_radio.html]
[www.w3schools.com/jsref/dom_obj_reset.html]
[www.w3schools.com/jsref/dom_obj_submit.html]
[www.w3schools.com/jsref/dom_obj_text.html]
[www.w3schools.com/jsref/dom_obj_link.html]
[www.w3schools.com/jsref/dom_obj_meta.html]
[www.w3schools.com/jsref/dom_obj_object.html]
[www.w3schools.com/jsref/dom_obj_option.html]
[www.w3schools.com/jsref/dom_obj_select.html]
[www.w3schools.com/jsref/dom_obj_style.html]
[www.w3schools.com/jsref/dom_obj_table.html]
[www.w3schools.com/jsref/dom_obj_tabledata.html]
[www.w3schools.com/jsref/dom_obj_tablerow.html]
[www.w3schools.com/jsref/dom_obj_textarea.html]
[www.w3schools.com/jsref/defaultd86a.html]
[www.w3schools.com/jquery/trysel4938.html]
[www.w3schools.com/images/up.gif]
[www.w3schools.com/jquery/sel_all.html]
[www.w3schools.com/jquery/sel_id.html]
[www.w3schools.com/jquery/sel_class.html]
[www.w3schools.com/jquery/sel_element.html]
[www.w3schools.com/jquery/sel_first.html]
[www.w3schools.com/jquery/sel_last.html]
[www.w3schools.com/jquery/sel_even.html]
[www.w3schools.com/jquery/sel_odd.html]
[www.w3schools.com/jquery/sel_eq.html]
[www.w3schools.com/jquery/sel_gt.html]
[www.w3schools.com/jquery/sel_lt.html]
[www.w3schools.com/jquery/sel_not.html]
[www.w3schools.com/jquery/sel_header.html]
[www.w3schools.com/jquery/sel_animated.html]
[www.w3schools.com/jquery/sel_contains.html]
[www.w3schools.com/jquery/sel_empty.html]
[www.w3schools.com/jquery/sel_visible.html]
[www.w3schools.com/jquery/sel_attribute.html]
[www.w3schools.com/jquery/sel_attribute_equal_value.html]
[www.w3schools.com/jquery/sel_attribute_notequal_value.html]
[www.w3schools.com/jquery/sel_attribute_end_value.html]
[www.w3schools.com/jquery/sel_input.html]
[www.w3schools.com/jquery/sel_input_text.html]
[www.w3schools.com/jquery/sel_input_password.html]
[www.w3schools.com/jquery/sel_input_radio.html]
[www.w3schools.com/jquery/sel_input_checkbox.html]
[www.w3schools.com/jquery/sel_input_submit.html]
[www.w3schools.com/jquery/sel_input_reset.html]
[www.w3schools.com/jquery/sel_input_button.html]
[www.w3schools.com/jquery/sel_input_image.html]
[www.w3schools.com/jquery/sel_input_file.html]
[www.w3schools.com/jquery/sel_input_enabled.html]
[www.w3schools.com/jquery/sel_input_disabled.html]
[www.w3schools.com/jquery/sel_input_selected.html]
[www.w3schools.com/jquery/sel_input_checked.html]
[www.w3schools.com/jquery/jquery_ref_selectorsd86a.html]
[www.w3schools.com/sql/sql_quickrefd86a.html]
[www.w3schools.com/jquery/jquery.js]
[www.w3schools.com/cssref/css3_pr_animation.html]
[www.w3schools.com/cssref/css3_pr_animation-name.html]
[www.w3schools.com/cssref/css3_pr_animation-duration.html]
[www.w3schools.com/cssref/css3_pr_animation-timing-function.html]
[www.w3schools.com/cssref/css3_pr_animation-delay.html]
[www.w3schools.com/cssref/css3_pr_animation-iteration-count.html]
[www.w3schools.com/cssref/css3_pr_animation-direction.html]
[www.w3schools.com/cssref/css3_pr_animation-play-state.html]
[www.w3schools.com/cssref/css3_pr_appearance.html]
[www.w3schools.com/cssref/css3_pr_backface-visibility.html]
[www.w3schools.com/cssref/css3_pr_background.html]
[www.w3schools.com/cssref/pr_background-attachment.html]
[www.w3schools.com/cssref/pr_background-color.html]
[www.w3schools.com/cssref/pr_background-image.html]
[www.w3schools.com/cssref/pr_background-position.html]
[www.w3schools.com/cssref/pr_background-repeat.html]
[www.w3schools.com/cssref/css3_pr_background-clip.html]
[www.w3schools.com/cssref/css3_pr_background-origin.html]
[www.w3schools.com/cssref/css3_pr_background-size.html]
[www.w3schools.com/cssref/pr_border.html]
[www.w3schools.com/cssref/pr_border-bottom.html]
[www.w3schools.com/cssref/pr_border-bottom_color.html]
[www.w3schools.com/cssref/pr_border-bottom_style.html]
[www.w3schools.com/cssref/pr_border-bottom_width.html]
[www.w3schools.com/cssref/pr_tab_border-collapse.html]
[www.w3schools.com/cssref/pr_border-color.html]
[www.w3schools.com/cssref/pr_border-left.html]
[www.w3schools.com/cssref/pr_border-left_color.html]
[www.w3schools.com/cssref/pr_border-left_style.html]
[www.w3schools.com/cssref/pr_border-left_width.html]
[www.w3schools.com/cssref/pr_border-right.html]
[www.w3schools.com/cssref/pr_border-right_color.html]
[www.w3schools.com/cssref/pr_border-right_style.html]
[www.w3schools.com/cssref/pr_border-right_width.html]
[www.w3schools.com/cssref/pr_tab_border-spacing.html]
[www.w3schools.com/cssref/pr_border-style.html]
[www.w3schools.com/cssref/pr_border-top.html]
[www.w3schools.com/cssref/pr_border-top_color.html]
[www.w3schools.com/cssref/pr_border-top_style.html]
[www.w3schools.com/cssref/pr_border-top_width.html]
[www.w3schools.com/cssref/pr_border-width.html]
[www.w3schools.com/cssref/css3_pr_border-bottom-left-radius.html]
[www.w3schools.com/cssref/css3_pr_border-bottom-right-radius.html]
[www.w3schools.com/cssref/css3_pr_border-image.html]
[www.w3schools.com/cssref/css3_pr_border-image-outset.html]
[www.w3schools.com/cssref/css3_pr_border-image-repeat.html]
[www.w3schools.com/cssref/css3_pr_border-image-slice.html]
[www.w3schools.com/cssref/css3_pr_border-image-source.html]
[www.w3schools.com/cssref/css3_pr_border-image-width.html]
[www.w3schools.com/cssref/css3_pr_border-radius.html]
[www.w3schools.com/cssref/css3_pr_border-top-left-radius.html]
[www.w3schools.com/cssref/css3_pr_border-top-right-radius.html]
[www.w3schools.com/cssref/pr_pos_bottom.html]
[www.w3schools.com/cssref/css3_pr_box-align.html]
[www.w3schools.com/cssref/css3_pr_box-direction.html]
[www.w3schools.com/cssref/css3_pr_box-flex.html]
